PS C:\Users\ncnxj\OneDrive\Documents> mkdir git_challenge


    ディレクトリ: C:\Users\ncnxj\OneDrive\Documents


Mode                 LastWriteTime         Length Name
----                 -------------         ------ ----
d-----        2025/06/23      0:52                git_challenge


PS C:\Users\ncnxj\OneDrive\Documents> cd git_challenge
PS C:\Users\ncnxj\OneDrive\Documents\git_challenge> Add-Content hello_world.txt "Hello, world!"
PS C:\Users\ncnxj\OneDrive\Documents\git_challenge> git init
Initialized empty Git repository in C:/Users/ncnxj/OneDrive/Documents/git_challenge/.git/
PS C:\Users\ncnxj\OneDrive\Documents\git_challenge> git add hello_world.txt
PS C:\Users\ncnxj\OneDrive\Documents\git_challenge> git commit -m "1回目のコミット"
[main (root-commit) ff0f0e8] 1回目のコミット
 1 file changed, 1 insertion(+)
 create mode 100644 hello_world.txt
PS C:\Users\ncnxj\OneDrive\Documents\git_challenge> git log
commit ff0f0e86cf4a8343e79a708c8baaa0877d8991e6 (HEAD -> main)
Author: Sasaki-9969 <minihito12@gmail.com>
Date:   Mon Jun 23 00:56:06 2025 +0900
    1回目のコミット
PS C:\Users\ncnxj\OneDrive\Documents\git_challenge> Add-Content hello_world.txt "こんにちは、世界！"
PS C:\Users\ncnxj\OneDrive\Documents\git_challenge> git add hello_world.txt
PS C:\Users\ncnxj\OneDrive\Documents\git_challenge> git commit -m "2回目のコミット"
[main c1f24b4] 2回目のコミット
 1 file changed, 1 insertion(+)
PS C:\Users\ncnxj\OneDrive\Documents\git_challenge> git log -- oneline
PS C:\Users\ncnxj\OneDrive\Documents\git_challenge> git log --oneline
c1f24b4 (HEAD -> main) 2回目のコミット
ff0f0e8 1回目のコミット